// Jest Snapshot v1, https://goo.gl/fbAQLP

exports[`Should render as expected without login error 1`] = `
<form
  onSubmit={[Function]}
>
  <label>
    Email: 
    <input
      name="email"
      type="email"
    />
  </label>
  <br />
  <label>
    Password: 
    <input
      name="password"
      type="password"
    />
  </label>
  <br />
  <button
    className="sc-bdVaJa lmpxVR"
    type="submit"
  >
    Login
  </button>
</form>
`;
